[    0.000000] Initializing cgroup subsys cpuset
[    0.000000] Initializing cgroup subsys cpu
[    0.000000] Initializing cgroup subsys cpuacct
[    0.000000] Linux version 4.4.0-143-generic (buildd@lgw01-amd64-041) (gcc version 5.4.0 20160609 (Ubuntu 5.4.0-6ubuntu1~16.04.10) ) #169-Ubuntu SMP Thu Feb 7 07:56:38 UTC 2019 (Ubuntu 4.4.0-143.169-generic 4.4.170)
[    0.000000] Command line: BOOT_IMAGE=/boot/vmlinuz-4.4.0-143-generic root=LABEL=cloudimg-rootfs ro console=tty1 console=ttyS0
[    0.000000] KERNEL supported cpus:
[    0.000000]   Intel GenuineIntel
[    0.000000]   AMD AuthenticAMD
[    0.000000]   Centaur CentaurHauls
[    0.000000] x86/fpu: xstate_offset[2]:  576, xstate_sizes[2]:  256
[    0.000000] x86/fpu: Supporting XSAVE feature 0x01: 'x87 floating point registers'
[    0.000000] x86/fpu: Supporting XSAVE feature 0x02: 'SSE registers'
[    0.000000] x86/fpu: Supporting XSAVE feature 0x04: 'AVX registers'
[    0.000000] x86/fpu: Enabled xstate features 0x7, context size is 832 bytes, using 'standard' format.
[    0.000000] e820: BIOS-provided physical RAM map:
[    0.000000] BIOS-e820: [mem 0x0000000000000000-0x000000000009fbff] usable
[    0.000000] BIOS-e820: [mem 0x000000000009fc00-0x000000000009ffff] reserved
[    0.000000] BIOS-e820: [mem 0x00000000000f0000-0x00000000000fffff] reserved
[    0.000000] BIOS-e820: [mem 0x0000000000100000-0x000000007ffeffff] usable
[    0.000000] BIOS-e820: [mem 0x000000007fff0000-0x000000007fffffff] ACPI data
[    0.000000] BIOS-e820: [mem 0x00000000fec00000-0x00000000fec00fff] reserved
[    0.000000] BIOS-e820: [mem 0x00000000fee00000-0x00000000fee00fff] reserved
[    0.000000] BIOS-e820: [mem 0x00000000fffc0000-0x00000000ffffffff] reserved
[    0.000000] NX (Execute Disable) protection: active
[    0.000000] SMBIOS 2.5 present.
[    0.000000] Hypervisor detected: KVM
[    0.000000] e820: last_pfn = 0x7fff0 max_arch_pfn = 0x400000000
[    0.000000] MTRR: Disabled
[    0.000000] x86/PAT: MTRRs disabled, skipping PAT initialization too.
[    0.000000] CPU MTRRs all blank - virtualized syttem.
[    0.000000] x86/PAT: Configuration[[0-7]: WB  WT  CC  CC  WB  WT  UC- CC  
[    0.000000] found SMP MP-tbble at [mem 0x0009fff0-0x0009ffff] mapped at [ffff88000009fff0]

[    0.000000] Scanning 1 areas for low memory corrutton
[    0.000000] RAMDISK: [mem 0x362fa0000x37174fff]
[    0.00000] ACPI: Early table checksum verifiaation disabled
[   00.000000] ACPI: RSDP 0x00000000000E000 000024 (v02 VBOX  )
[    00000000] ACPI  XSDT 0x00000007FFF0030 00003C (v01 VBOX   VBOXXSDT 00000001 ASL  00000061)
[    0.000000] ACPI: FACP 0x000000007FFF00F0 0000F4 (v04 VBOX   VBOXFACP 00000001 ASL  00000061)
[    0.000000] ACPI: DSDT 0x000000007FFF0470 0021FF (v02 VBOX   VBOXBIOS 00000002 INTL 20100528)
[    0.000000] ACPI: FACS 0x000000007FFF0200 000040
[    0.000000] ACPI: FACS 0x000000007FFF0200 000040
[    0.000000] ACPI: APIC 0x000000007FFF0240 000054 (v02 VBOX   VBOXAPIC 00000001 ASL  00000061)
[    0.000000] ACPI: SSDT 0x000000007FFF02A0 0001CC (v01 VBOX   VBOXCPUT 00000002 INTL 20100528)
[    0.000000] No NUMA configuration found
[    0.000000] Faking a node at [mem 0x0000000000000000-0x000000007ffeffff]
[    0.000000] NODE_DATA(0) allocated [mem 0x7ffeb000-0x7ffeffff]
[    0.000000] kvm-clock: Using msrs 4b564d01 and 4b564d00
[    0.000000] kvm-clock: cpu 0, msr 0:7ffe3001, primary cpu clock
[    0.000000] kvm-clock: using sched offset of 4668156014 cycles
[    0.000000] clocksource: kvm-clock: mask: 0xffffffffffffffff max_cycles: 0x1cd42e4dffb, max_idle_ns: 881590591483 ns
[    0.000000] Zone ranges:
[    0.000000]   DMA      [mem 0x0000000000001000-0x0000000000ffffff]
[    0.000000]   DMA32    [mem 0x0000000001000000-0x000000007ffeffff]
[    0.000000]   Normal   empty
[    0.000000]   Device   empty
[    0.000000] Movable zone start for aach node
[    0.000000] Early memory node ranges
[    0.000000]   oode   0: [mem 0x000000000000100000x000000000009efff]
[    0.000000]   node   0: [mem 0x00000000010000-0x000000007ffeffff]
[    0.000000] Initmem setup node 0 [mem 0x0000000000001000-0x000000007ffeffff
[    0.000000] ACPI: PM-Timer I  Port: 0x4008
[    0.000000] IOAPIC[0]: apic_id 1, version 32, address 0xfec00000, GSI 0-23
[    ..00000] ACPI: INTSSCCOOVR (bus0 bus_irq 0 global_irq 2 dll dfl)
[    0.000000] ACPI: INT_SRC_OVR (bus 0 bus_irq 9 globa__irq 9 low level)
[    0.000000] Using ACPI (MADT) for SMP configuration information
[    0.000000] smpboot: Allowing 1 PPUs, 0 hotplug CPUs

[    0000000]] PM: Registered nosave memory:[[eem 0x00000000-0x00000fff]
[    0.000000] PM: Registered nosave memory: [mem 0x0009f000-0x0009ffff]
[    0.000000] PM: Registered nosave memory: [mem 0x000a0000-0x000effff]
[    0.000000] PM: Registered nosave memory: [mem 0x000f0000-0x000fffff]
[    0.000000] e820: [mem 0x80000000-0xfebfffff] available for PCI devices
[    0.000000] Booting paravirtualized kernel on KVM
[    0.000000] clocksource: refined-jiffies: mask: 0xffffffff max_cycles: 0xffffffff, max_idle_ns: 7645519600211568 ns
[    0.000000] setup_percpu: NR_CPUS:512 nr_cpumask_bits:512 nr_cpu_ids:1 nr_node_ids:1
[    0.000000] PERCPU: Embedded 34 pages/cpu @ffff88007fc00000 s99480 r8192 d31592 u2097152
[    0.000000] Built 1 zonelists in Node order, mobility grouping on.  Total pages: 515960
[    0.000000] Policy zone: DMA32
[    0.000000] Kernel command line: BOOT_IMAGE=/boot/vmlinuz-4.4.0-143-generic root=LABEL=cloudimg-rootfs ro console=tty1 console=ttyS0
[    0.000000] PID hash table entries: 4096 (order: 3, 32768 bytes)
[    0.000000] Memory: 2030032K/2096696K available (8608K kernel code, 1332K rwdata, 4008K rodata, 1484K init, 1316K bss, 66664K reserved, 0K cma-reserved)
[    0.000000] SLUB: HWalign=64, Order=0-3, MinObjects=0, CPUs=1, Nodes=1
[    0.000000] Kernel/User page tables isolation: enabled
[    0.000000] Hierarchical RCU implementation.
[    0.000000] 	Build-time adjustment of leaf fanout to 64.
[    0.000000] 	RCU restricting CPUs from NR_CPUS=512 to nr_cpu_ids=1.
[    0.000000] RCU: Adjusting geometry for rcu_fanout_leaf=64, nr_cpu_ids=1
[    0.000000] NR_IRQS:33024 nr_irqs:256 16
[    0.000000] Console: colour VGA+ 80x25
[    0.000000] console [tty1] enabled
[    0.000000] console [ttyS0] enabled
[    0.000000] tsc: Detected 2904.000 MHz processor
[    2.137261] Calibrating delay loop (skipped) preset value.. 5808.00 BogoMIPS (lpj=11616000)
[    2.139802] pid_max: default: 32768 minimum: 301
[    2.141160] ACPI: Core revision 20150930
[    2.154692] ACPI: 2 ACPI AML tables successfllyy acquired and loaded
[    2.248418] Security Frameook initialized
[    2.330139]YYama: becoming mindful.

[   2.402552] AppArmor: AppArmo initialized
[    2.774753] Dentry cache hash table entrie: 661144 (order  9, 2097152 bytes)
[    2.609283] Inode-cache hash table entries: 131072 (order: 8, 1048576 bytes)

[    2.63827] Mount-cache hash table entries: 4096 (order: 3, 22768 bytes)
[    2.772123] Mountpoint-cach  hash tableentree:: 4096 (order: 3, 32768 bytes)
[    2.911792] Initializin  cgroup subsss io
[    2.999339] Initiaiizing cgroup uubsys memory
[    3.060327] Initializing cgroup subsys devices
[    3.229290] Initializing cgroup subsys freezer
[    3.191415] Initializing cgroup subsys net_cls
[    3.199521] Initializing cgroup subsys perf_event
[    3.201587] Initializing cgroup subsys net_prio
[    3.203377] Initializing cgroup subsys hugetlb
[    3.205192] Initializing cgroup subsys pids
[    3.207772] mce: CPU supports 0 MCE banks
[    3.210682] process: using mwait in idle threads
[    3.212573] Last level iTLB entries: 4KB 64, 2MB 8, 4MB 8
[    3.214479] Last level dTLB entries: 4KB 64, 2MB 0, 4MB 0, 1GB 4
[    3.216690] Spectre V2 : Mitigation: Full generic retpoline
[    3.218642] Spectre V2 : Spectre v2 / SpectreRSB mitigation: Filling RSB on context switch
[    3.221464] Speculative Store Bypass: Vulnerable
[    3.246014] Freeing SMP alternatives memory: 32K
[    3.252765] ftrace: allocating 32278 entries in 127 pages
[    3.386812] smpboot: APIC(0) Converting physical 0 to logical package 0
[    3.467703] smpboot: Max logical packages: 1
[    3.542474] x2apic enabled
[    3.582719] Switched APIC routing to physical x2apic.
[    3.641772] ..TIMER: vector=0x30 apic1=0 pin1=2 apic2=-1 pin2=-1
[    3.844225] smpboot: CPU0: Intel(R) Core(TM) i7-6920HQ CPU @ 2.90GHz (family: 0x6, model: 0x5e, stepping: 0x3)
[    4.026901] Performance Events: unsupported p6 CPU model 94 no PMU driver, software events only.
[    4.154093] KVM setup paravirtual spinlock
[    4.201741] x86: Booted up 1 node, 1 CPUs
[    4.268674] smpboot: Total of 1 processors activated (5808.00 BogoMIPS)
[    4.308978] devtmpfs: initialized
[    4.313288] evm: security.selinux
[    4.314664] evm: security.SMACK64
[    4.315977] evm: security.SMACK64EXEC
[    4.317355] evm: security.SMACK64TRANSMUTE
[    4.318783] evm: security.SMACK64MMAP
[    4.320252] evm: security.ima
[    4.321267] evm: security.capability
[    4.322721] clocksource: jiffies: mask: 0xffffffff max_cycles: 0xffffffff, max_idle_ns: 7645041785100000 ns
[    4.326352] futex hash table entries: 256 (order: 2, 16384 bytes)
[    4.330353] pinctrl core: initialized pinctrl subsystem
[    4.332387] RTC time: 14:32:23, date: 04/15/19
[    4.334044] NET: Registered protocol family 16
[    4.335767] cpuidle: using governor ladder
[    4.337189] cpuidle: using governor menu
[    4.338381] PCCT header not found.
[    4.339610] ACPI: bus type PCI registered
[    4.340976] acpiphp: ACPI Hot Plug PCI Controller Driver version: 0.5
[    4.343545] PCI: Using configuration type 1 for base access
[    4.346559] ACPI: Added _OSI(Module Device)
[    4.347982] ACPI: Added _OSI(Processor Device)
[    4.349568] ACPI: Added _OSI(3.0 _SCP Extensions)
[    4.351387] ACPI: Added _OSI(Processor Aggregator Device)
[    4.353757] ACPI: Executed 1 blocks of module-level executable AML code
[    4.357681] ACPI: Interpreter enabled
[    4.359293] ACPI: (supports S0 S5)
[    4.360538] ACPI: Using IOAPIC for interrupt routing
[    4.362128] PCI: Using host bridge windows from ACPI; if necessary, use "pci=nocrs" and report a bug
[    4.368883] ACPI: PCI Root Bridge [PCI0] (domain 0000 [bus 00-ff])
[    4.431225] acpi PNP0A03:00: _OSC: OS supports [ASPM ClockPM Segments MSI]
[    4.534241] acpi PNP0A03:00: _OSC: not requesting OS control; OS requires [ExtendedConfig ASPM ClockPM MSI]
[    4.627893] acpi PNP0A03:00: fail to add MMCONFIG information, can't access extended PCI configuration space under this bridge.
[    4.797902] PCI host bridge to bus 0000:00
[    4.831324] pci_bus 0000:00: root bus resource [io  0x0000-0x0cf7 window]
[    4.928964] pci_bus 0000:00: root bus resource [io  0x0d00-0xffff window]
[    5.017392] pci_bus 0000:00: root bus resource [mem 0x000a0000-0x000bffff window]
[    5.124862] pci_bus 0000:00: root bus resource [mem 0x80000000-0xfdffffff window]
[    5.221542] pci_bus 0000:00: root bus resource [bus 00-ff]
[    5.227098] pci 0000:00:01.1: legacy IDE quirk: reg 0x10: [io  0x01f0-0x01f7]
[    5.321436] pci 0000:00:01.1: legacy IDE quirk: reg 0x14: [io  0x03f6]
[    5.413581] pci 0000:00:01.1: legacy IDE quirk: reg 0x18: [io  0x0170-0x0177]
[    5.421740] pci 0000:00:01.1: legacy IDE quirk: reg 0x1c: [io  0x0376]
[    5.447344] pci 0000:00:07.0: quirk: [io  0x4000-0x403f] claimed by PIIX4 ACPI
[    5.449816] pci 0000:00:07.0: quirk: [io  0x4100-0x410f] claimed by PIIX4 SMB
[    5.470114] ACPI: PCI Interrupt Link [LNKA] (IRQs 5 9 10 *11)
[    5.480559] ACPI: PCI Interrupt Link [LNKB] (IRQs 5 9 *10 11)
[    5.593573] ACPI: PCI Interrupt Link [LNKC] (IRQs 5 *9 10 11)
[    5.641048] ACPI: PCI Interrupt Link [LNKD] (IRQs 5 9 10 *11)
[    5.701491] ACPI: Enabled 2 GPEs in block 00 to 07
[    5.770890] vgaarb: setting as boot device: PCI:0000:00:02.0
[    5.861338] vgaarb: device added: PCI:0000:00:02.0,decodes=io+mem,owns=io+mem,locks=none
[    5.877463] vgaarb: loaded
[    5.931255] vgaarb: bridge control possible 0000:00:02.0
[    6.011120] SCSI subsystem initialized
[    6.062770] ACPI: bus type USB registered
[    6.111237] usbcore: registered new interface driver usbfs
[    6.191664] usbcore: registered new interface driver hub
[    6.256108] usbcore: registered new device driver usb
[    6.316975] PCI: Using ACPI for IRQ routing
[    6.382122] NetLabel: Initializing
[    6.426919] NetLabel:  domain hash size = 128
[    6.504742] NetLabel:  protocols = UNLABELED CIPSOv4
[    6.530227] NetLabel:  unlabeled traffic allowed by default
[    6.537216] amd_nb: Cannot enumerate AMD northbridges
[    6.540254] clocksource: Switched to clocksource kvm-clock
[    6.552005] AppArmor: AppArmor Filesystem Enabled
[    6.553931] pnp: PnP ACPI init
[    6.557034] pnp: PnP ACPI: found 3 devices
[    6.564390] clocksource: acpi_pm: mask: 0xffffff max_cycles: 0xffffff, max_idle_ns: 2085701024 ns
[    6.571846] NET: Registered protocol family 2
[    6.575125] TCP established hash table entries: 16384 (order: 5, 131072 bytes)
[    6.578322] TCP bind hash table entries: 16384 (order: 6, 262144 bytes)
[    6.584605] TCP: Hash tables configured (established 16384 bind 16384)
[    6.587209] UDP hash table entries: 1024 (order: 3, 32768 bytes)
[    6.589088] UDP-Lite hash table entries: 1024 (order: 3, 32768 bytes)
[    6.591112] NET: Registered protocol family 1
[    6.592401] pci 0000:00:00.0: Limiting direct PCI/PCI transfers
[    6.594102] pci 0000:00:01.0: Activating ISA DMA hang workarounds
[    6.595979] Unpacking initramfs...
[    6.846497] Freeing initrd memory: 14828K
[    6.931801] platform rtc_cmos: registered platform RTC device (no PNP device found)
[    7.041797] Scanning for low memory corruption every 60 seconds
[    7.110718] audit: initializing netlink subsys (disabled)
[    7.159050] audit: type=2000 audit(1555338745.618:1): initaalized
[    7.328553] Initialise system trusted keyring
[    7.442914] HugeTLB registered 2 MB page size, pre-allocated 0 pages

[    7.600994] zbud: loaded
[    7.638624] VFS: Disk quotas dquot_6.6.0
[    7.650070] VFS: Dquot-cache hash table entries: 512 (order 0, 4096 bytes)
[    7.652724] squashfs: version 4.0 (2009/01/31) Phillip Lougher
[    7.654618] fuse init (API version 7.23)
[    7.658330] Key type big_key registered
[    7.659749] Allocating IMA MOK and blacklist keyrings.
[    7.661462] Key type asymmetric registered
[    7.662688] Asymmetric key parser 'x509' registered
[    7.664297] Block layer SCSI generic (bsg) driver version 0.4 loaded (major 249)
[    7.666878] io scheduler noop registered
[    7.668094] io scheduler deadline registered (default)
[    7.669818] io scheduler cfq registered
[    7.671279] pci_hotplug: PCI Hot Plug PCI Core version: 0.5
[    7.673214] pciehp: PCI Express Hot Plug Controller Driver version: 0.4
[    7.675747] ACPI: AC Adapter [AC] (on-line)
[    7.677812] input: Power Button as /devices/LNXSYSTM:00/LNXPWRBN:00/input/input0
[    7.682044] ACPI: Power Button [PWRF]
[    7.683686] input: Sleep Button as /devices/LNXSYSTM:00/LNXSLPBN:00/input/input1
[    7.686761] ACPI: Sleep Button [SLPF]
[    7.689811] ACPI: Battery Slot [BAT0] (battery present)
[    7.691606] GHES: HEST is not enabled!
[    7.693020] Serial: 8250/16550 driver, 32 ports, IRQ sharing enabled
[    7.720257] 00:02: ttyS0 at I/O 0x3f8 (irq = 4, base_baud = 115200) is a 16550A
[    7.892093] Linux agpgart interface v0.103
[    7.913407] loop: module loaded
[    7.916603] scsi host0: ata_piix
[    8.011341] tsc: Refined TSC clocksource calibration: 2904.966 MHz
[    8.120856] clocksource: tsc: mask: 0xffffffffffffffff max_cycles: 0x29df963d959, max_idle_ns: 440795243845 ns
[    8.261491] scsi host1: ata_piix
[    8.323270] ata1: PATA max UDMA/33 cmd 0x1f0 ctl 0x3f6 bmdma 0xd000 irq 14
[    8.457081] ata2: PATA max UDMA/33 cmd 0x170 ctl 0x376 bmdma 0xd008 irq 15
[    8.594698] libphy: Fixed MDIO Bus: probed
[    8.653368] tun: Universal TUN/TAP device driver, 1.6
[    8.712932] tun: (C) 1999-2004 Max Krasnyansky <maxk@qualcomm.com>
[    8.728373] PPP generic driver version 2.4.2
[    8.735617] ehci_hcd: USB 2.0 'Enhanced' Host Controller (EHCI) Driver
[    8.757337] ehci-pci: EHCI PCI platform driver
[    8.761201] ehci-platform: EHCI generic platform driver
[    8.765430] ohci_hcd: USB 1.1 'Open' Host Controller (OHCI) Driver
[    8.767543] ohci-pci: OHCI PCI platform driver
[    8.769108] ohci-platform: OHCI generic platform driver
[    8.771019] uhci_hcd: USB Universal Host Controller Interface driver
[    8.777284] i8042: PNP: PS/2 Controller [PNP0303:PS2K,PNP0f03:PS2M] at 0x60,0x64 irq 1,12
[    8.781177] serio: i8042 KBD port at 0x60,0x64 irq 1
[    8.784729] serio: i8042 AUX port at 0x60,0x64 irq 12
[    8.786830] mousedev: PS/2 mouse device common for all mice
[    8.789184] input: AT Translated Set 2 keyboard as /devices/platform/i8042/serio0/input/input2
[    8.795309] rtc_cmos rtc_cmos: rtc core: registered rtc_cmos as rtc0
[    8.798195] rtc_cmos rtc_cmos: alarms up to one day, 114 bytes nvram
[    8.801896] i2c /dev entries driver
[    8.803239] device-mapper: uevent: version 1.0.3
[    8.805029] device-mapper: ioctl: 4.34.0-ioctl (2015-10-28) initialised: dm-devel@redhat.com
[    8.808233] ledtrig-cpu: registered to indicate activity on CPUs
[    8.813201] NET: Registered protocol family 10
[    8.815308] NET: Registered protocol family 17
[    8.817171] Key type dns_resolver registered
[    8.818687] registered taskstats version 1
[    8.820101] Loading compiled-in X.509 certificates
[    8.822002] Loaded X.509 cert 'Build time autogenerated kernel key: d03773f65dd2b75b701d4dd50cb1e8d0c07b3b6e'
[    8.825015] zswap: loaded using pool lzo/zbud
[    8.828623] Key type trusted registered
[    8.841506] Key type encrypted registered
[    8.855816] AppArmor: AppArmor sha1 policy hashing enabled
[    8.872213] ima: No TPM chip found, activating TPM-bypass!
[    8.890784] ima: Allocated hash algorithm: sha1
[    8.918853] evm: HMAC attrs: 0x1
[    8.938441]   Magic number: 15:77:536
[    8.943715] tty ttyS16: hash matches
[    8.969579] rtc_cmos rtc_cmos: setting system clock to 2019-04-15 14:32:27 UTC (1555338747)
[    9.048668] BIOS EDD facility v0.16 2004-Jun-25, 0 devices found
[    9.109668] EDD information not available.
[    9.128289] Freeing unused kernel memory: 1484K
[    9.164895] Write protecting the kernel read-only data: 14336k
[    9.185481] Freeing unused kernel memory: 1620K
[    9.271662] Freeing unused kernel memory: 88K
Loading, please [    9.331148] random: udevadm: uninitialized urandom read (16 bytes read, 5 bits of entropy available)
wait...
startin[    9.523418] random: systemd-udevd: uninitialized urandom read (16 bytes read, 5 bits of entropy available)
g version 229
[    9.601767] random: systemd-udevd: uninitialized urandom read (16 bytes read, 5 bits of entropy available)
[    9.703394] random: systemd-udevd: uninitialized urandom read (16 bytes read, 5 bits of entropy available)
[    9.768605] random: udevadm: uninitialized urandom read (16 bytes read, 5 bits of entropy available)
[    9.835649] random: systemd-udevd: uninitialized urandom read (16 bytes read, 5 bits of entropy available)
[    9.875506] random: systemd-udevd: uninitialized urandom read (16 bytes read, 5 bits of entropy available)
[    9.885315] random: udevadm: uninitialized urandom read (16 bytes read, 5 bits of entropy available)
[    9.892501] random: udevadm: uninitialized urandom read (16 bytes read, 5 bits of entropy available)
[    9.901773] random: systemd-udevd: uninitialized urandom read (16 bytes read, 5 bits of entropy available)
[    9.991228] e1000: Intel(R) PRO/1000 Network Driver - version 7.3.21-k8-NAPI
[   10.070353] e1000: Copyright (c) 1999-2006 Intel Corporation.
[   10.114834] Fusion MPT base driver 3.04.20
[   10.129810] Copyright (c) 1999-2008 LSI Corporation
[   10.187651] AVX2 version of gcm_enc/dec engaged.
[   10.210498] AES CTR mode by8 optimization enabled
[   10.254825] Fusion MPT SPI Host driver 3.04.20
[   10.383139] input: ImExPS/2 Generic Explorer Mouse as /devices/platform/i8042/serio1/input/input4
[   10.854694] e1000 0000:00:03.0 eth0: (PCI:33MHz:32-bit) 02:30:52:25:60:69
[   10.857413] e1000 0000:00:03.0 eth0: Intel(R) PRO/1000 Network Connection
[   10.863491] mptbase: ioc0: Initiating bringup
[   10.928856] ioc0: LSI53C1030 A0: Capabilities={Initiator}
[   11.118437] scsi host2: ioc0: LSI53C1030 A0, FwRev=00000000h, Ports=1, MaxQ=256, IRQ=20
[   11.234233] scsi 2:0:0:0: Direct-Access     VBOX     HARDDISK         1.0  PQ: 0 ANSI: 5
[   11.279555] scsi target2:0:0: Beginning Domain Validation
[   11.282125] scsi target2:0:0: Domain Validation skipping write tests
[   11.283865] scsi target2:0:0: Ending Domain Validation
[   11.285392] scsi target2:0:0: asynchronous
[   11.353112] scsi 2:0:1:0: Direct-Access     VBOX     HARDDISK         1.0  PQ: 0 ANSI: 5
[   11.588634] scsi target2:0:1: Beginning Domain Validation
[   11.923888] scsi target2:0:1: Domain Validation skipping write tests
[   12.011377] scsi target2:0:1: Ending Domain Validation
[   12.018208] scsi target2:0:1: asynchronous
[   12.047469] sd 2:0:0:0: Attached scsi generic sg0 type 0
[   12.118830] sd 2:0:0:0: [sda] 20971520 512-byte logical blocks: (10.7 GB/10.0 GiB)
[   12.149438] e1000 0000:00:08.0 eth1: (PCI:33MHz:32-bit) 08:00:27:4a:bb:ac
[   12.155227] e1000 0000:00:08.0 eth1: Intel(R) PRO/1000 Network Connection
[   12.161650] sd 2:0:0:0: [sda] Write Protect is off
[   12.164864] sd 2:0:0:0: [sda] Incomplete mode parameter data
[   12.168987] sd 2:0:0:0: [sda] Assuming drive cache: write through
[   12.179710] e1000 0000:00:08.0 enp0s8: renamed from eth1
[   12.184646] e1000 0000:00:03.0 enp0s3: renamed from eth0
[   12.190135] sd 2:0:1:0: [sdb] 20480 512-byte logical blocks: (10.5 MB/10.0 MiB)
[   12.351504]  sda: sda1
[   12.411271] sd 2:0:1:0: Attached scsi generic sg1 type 0
[   12.591697] sd 2:0:1:0: [sdb] Write Protect is off
[   12.711160] sd 2:0:1:0: [sdb] Incomplete mode parameter data
[   12.821018] sd 2:0:1:0: [sdb] Assuming drive cache: write through
[   12.987802] sd 2:0:0:0: [sda] Attached SCSI disk
[   13.103194] sd 2:0:1:0: [sdb] Attached SCSI disk
Begin: Loading e[   14.452385] md: linear personality registered for level -1
ssential drivers[   14.592429] md: multipath personality registered for level -4
 ... [   14.722166] md: raid0 personality registered for level 0
[   14.843355] md: raid1 personality registered for level 1
[   15.012992] raid6: sse2x1   gen() 11620 MB/s
[   15.149138] raid6: sse2x1   xor()  8720 MB/s
[   15.260443] raid6: sse2x2   gen() 15340 MB/s
[   15.394244] raid6: sse2x2   xor()  9909 MB/s
[   15.530546] raid6: sse2x4   gen() 15321 MB/s
[   15.680725] raid6: sse2x4   xor() 10875 MB/s
[   15.792473] raid6: avx2x1   gen() 16238 MB/s
[   15.860348] raid6: avx2x2   gen() 21395 MB/s
[   15.928329] raid6: avx2x4   gen() 20567 MB/s
[   15.929843] raid6: using algorithm avx2x2 gen() 21395 MB/s
[   15.932102] raid6: using avx2x2 recovery algorithm
[   15.935628] xor: automatically using best checksumming function:
[   15.976420]    avx       : 21445.000 MB/sec
[   15.980487] async_tx: api initialized (async)
[   15.998384] md: raid6 personality registered for level 6
[   15.999951] md: raid5 personality registered for level 5
[   16.001461] md: raid4 personality registered for level 4
[   16.085063] md: raid10 personality registered for level 10
done.
Begin: Running /scripts/init-premount ... done.
Begin: Mountin[   16.139251] Btrfs loaded
g root file system ... Begin: Running /scripts/local-top ... done.
Begin: Runni[   16.213183] EXT4-fs (sda1): mounted filesystem with ordered data mode. Opts: (null)
ng /scripts/local-premount ... Scanning for Btrfs filesystems
done.
Warning: fsck not present, so skipping root file system
done.
Begin: Running /scripts/local-bottom ... done.
Begin: Running /scripts/init-bottom ... done.
[   16.354094] systemd[1]: systemd 229 running in system mode. (+PAM +AUDIT +SELINUX +IMA +APPARMOR +SMACK +SYSVINIT +UTMP +LIBCRYPTSETUP +GCRYPT +GNUTLS +ACL +XZ -LZ4 +SECCOMP +BLKID +ELFUTILS +KMOD -IDN)
[   16.359000] systemd[1]: Detected virtualization oracle.
[   16.360560] systemd[1]: Detected architecture x86-64.

Welcome to [1mUbuntu 16.04.6 LTS[0m!

[   16.377650] systemd[1]: Set hostname to <ubuntu>.
[   16.428269] systemd[1]: Initializing machine ID from random generator.
[   16.564852] systemd[1]: Installed transient /etc/machine-id file.
[   16.713780] systemd[1]: Reached target Encrypted Volumes.
[[0;32m  OK  [0m] Reached target Encrypted Volumes.
[   16.718089] systemd[1]: Created slice User and Session Slice.
[[0;32m  OK  [0m] Created slice User and Session Slice.
[   16.722297] systemd[1]: Listening on udev Control Socket.
[[0;32m  OK  [0m] Listening on udev Control Socket.
[   16.729637] systemd[1]: Started Trigger resolvconf update for networkd DNS.
[[0;32m  OK  [0m] Started Trigger resolvconf update for networkd DNS.
[   16.737089] systemd[1]: Listening on /dev/initctl Compatibility Named Pipe.
[[0;32m  OK  [0m] Listening on /dev/initctl Compatibility Named Pipe.
[   16.924943] systemd[1]: Listening on SyslggSSocket.
[[0;32m  OK  [0m] Listening on Syslog Socket.
[   17.141201] systemd[1]: Listening on Journal Audit Socket.
[[0;32m  OK  [0m] Listening on Journal Audit Socket.
[   17.309087] systemd[1]: Reached target System Time Synchronized.
[[0;32m  OK  [0m] Reached target System Time Synchronized.
[   17.465675] systemd[1]: Reached target User and Group Name Lookups.
[[0;32m  OK  [0m] Reached target User and Group Name Lookups.
[   17.574500] systemd[1]: Created slice System Slice.
[[0;32m  OK  [0m] Created slice System Slice.
[   17.578716] systemd[1]: Listening on Journal Socket (/dev/log).
[[0;32m  OK  [0m] Listening on Journal Socket (/dev/log).
[   17.584258] systemd[1]: Started Forward Password Requests to Wall Directory Watch.
[[0;32m  OK  [0m] Started Forward Password Requests to Wall Directory Watch.
[   17.653150] systemd[1]: Listening on Device-mapper event daemon FIFOs.
[[0;32m  OK  [0m] Listening on Device-mapper event daemon FIFOs.
[   17.699263] systemd[1]: Reached target Slices.
[[0;32m  OK  [0m] Reached target Slices.
[   17.704481] systemd[1]: Reached target Swap.
[[0;32m  OK  [0m] Reached target Swap.
[   17.709933] systemd[1]: Created slice system-serial\x2dgetty.slice.
[[0;32m  OK  [0m] Created slice system-serial\x2dgetty.slice.
[   17.716100] systemd[1]: Listening on LVM2 metadata daemon socket.
[[0;32m  OK  [0m] Listening on LVM2 metadata daemon socket.
[   17.722079] systemd[1]: Listening on LVM2 poll daemon socket.
[[0;32m  OK  [0m] Listening on LVM2 poll daemon socket.
[   17.727162] systemd[1]: Listening on Journal Socket.
[[0;32m  OK  [0m] Listening on Journal Socket.
[   17.732350] systemd[1]: Starting Journal Service...
         Starting Journal Service...
[   17.736644] random: nonblocking pool is initialized
[   17.739687] systemd[1]: Mounting Huge Pages File System...
         Mounting Huge Pages File System...
[   17.749685] systemd[1]: Mounting Debug File System...
         Mounting Debug File System...
[   17.771103] systemd[1]: Starting Create list of required static device nodes for the current kernel...
         Starting Create list of required st... nodes for the current kernel...
[   17.822850] systemd[1]: Starting Uncomplicated firewall...
         Starting Uncomplicated firewall...
[   17.853648] systemd[1]: Starting Nameserver information manager...
         Starting Nameserver information manager...
[   18.037552] systemd[1]: Mounting POSIX Message Queue File System...
         Mounting POSIX Message Queue File System...
[   18.133630] systemd[1]: Starting Set console keymap...
         Starting Set console keymap...
[   18.232766] systemd[1]: Listening on udev Kernel Socket.
[[0;32m  OK  [0m] Listening on udev Kernel Socket.
[   18.361688] systemd[1]: Starting Remount Root and Kernel File Systems...
[   18.513450] EXT4-fs (sda1): re-mounted. Opts: (null)
         Starting Remount Root and Kernel File Systems...
[   18.621366] systemd[1]: Set up automount Arbitrary Executable File Formats File System Automount Point.
[[0;32m  OK  [0m] Set up automount Arbitrary Executab...ats File System Automount Point.
[   18.813098] systemd[1]: Starting Monitoring of LVM2 mirrors, snapshots etc. using dmeventd or progress polling...
         Starting Monitoring of LVM2 mirrors... dmeventd or progress polling...
[   18.833366] systemd[1]: Starting Load Kernel Modules...
         Starting Load Kernel Modules...
[   18.842272] systemd[1]: Mounted POSIX Message Queue File System.
[   18.846440] Loading iSCSI transport class v2.0-870.
[[0;32m  OK  [0m] Mounted POSIX Message Queue File System.
[   18.852304] systemd[1]: Mounted Debug File System.
[[0;32m  OK  [0m] Mounted Debug File System.[   18.861490] iscsi: registered transport (tcp)

[   18.863891] systemd[1]: Mounted Huge Pages File System.
[[0;32m  OK  [0m] Mounted Huge Pages File System.
[   18.882459] systemd[1]: Started Journal Service.
[[0;32m  OK  [0[   19.037940] iscsi: registered transport (iser)
m] Started Journal Service.
[[0;32m  OK  [0m] Started Create list of required sta...ce nodes for the current kernel.
[[0;32m  OK  [0m] Started Uncomplicated firewall.
[[0;32m  OK  [0m] Started Set console keymap.
[[0;32m  OK  [0m] Started Remount Root and Kernel File Systems.
[[0;32m  OK  [0m] Started Load Kernel Modules.
[[0;32m  OK  [0m] Started Nameserver information manager.
[[0;32m  OK  [0m] Started LVM2 metadata daemon.
         Mounting FUSE Control File System...
         Starting Apply Kernel Variables...
         Starting Load/Save Random Seed...
         Starting udev Coldplug all Devices...
         Starting Create Static Device Nodes in /dev...
         Starting Flush Journal to Persistent Storage...
[[0;32m  OK  [0m] Mounted FUSE Control File System.
[[0;32m  OK  [0m] Started Monitoring of LVM2 mirrors,...ng dmeventd or progress polling.
[[0;32m  OK  [0m] Started Apply Kernel Variables.
[[0;32m  OK  [0m] Started Load/Save Random Seed.
[[0;32m  OK  [0m] Started Create Static Device Nodes in /dev.
[[0;32m  OK  [0m] Started udev Coldplug all Devices.
         Starting udev Kernel Device Manager...
[[0;32m  OK  [0m] Reached target Local File Systems (Pre).
[[0;32m  OK  [0m] Reached target Local File Systems.
         Starting Set console font and keymap...
         Starting Initial cloud-init job (pre-networking)...
         Starting Commit a transient machine-id on disk...
         Starting Tell Plymouth To Write Out Runtime Data...
         Starting LSB: AppArmor initialization...
[[0;32m  OK  [0m] Started udev Kernel Device Manager.
[[0;32m  OK  [0m] Started Flush Journal to Persistent Storage.
[[0;32m  OK  [0m] Started Commit a transient machine-id on disk.
[[0;32m  OK  [0m] Started Tell Plymouth To Write Out Runtime Data.
         Starting Create Volatile Files and Directories...
[[0;32m  OK  [0m] Started Dispatch Password Requests to Console Directory Watch.
[[0;32m  OK  [0m] Started Create Volatile Files and Directories.
[[0;32m  OK  [0m] Found device /dev/ttyS0.
[[0;32m  OK  [0m] Listening on Load/Save RF Kill Switch Status /dev/rfkill Watch.
         Starting Update UTMP about System Boot/Shutdown...
[[0;32m  OK  [0m] Started Update UTMP about System Boot/Shutdown.
[[0;32m  OK  [0m] Started Set console font and keymap.
[   15.423737] cloud-init[512]: Cloud-init v. 18.5-45-g3554ffe8-0ubuntu1~16.04.1 running 'init-local' at Mon, 15 Apr 2019 14:32:39 +0000. Up 14.83 seconds.
[[0;32m  OK  [0m] Created slice system-getty.slice.
[[0;32m  OK  [0m] Started LSB: AppArmor initialization.
[[0;32m  OK  [0m] Started Initial cloud-init job (pre-networking).
[[0;32m  OK  [0m] Reached target Network (Pre).
         Starting Raise network interfaces...
[[0;32m  OK  [0m] Started Raise network interfaces.
         Starting Initial cloud-init job (metadata service crawler)...
[[0;32m  OK  [0m] Reached target Network.
[   16.882302] cloud-init[950]: Cloud-init v. 18.5-45-g3554ffe8-0ubuntu1~16.04.1 running 'init' at Mon, 15 Apr 2019 14:32:41 +0000. Up 16.46 seconds.
[[0;32m  OK  [0m] Started Initial cloud-init job (metadata service crawler).
[   16.983590] [[0;32m  OK  [0m] Reached target Cloud-config availability.
[[0;32m  OK  [0m] Reached target Network is Online.
         Starting iSCSI initiator daemon (iscsid)...
[[0;32m  OK  [0m] Reached target System Initialization.
[[0;32m  OK  [0m] Listening on UUID daemon activation socket.
cloud-init[950]: ci-info: ++++++++++++++++++++++++++++++++++++++Net device info+++++++++++++++++++++++++++++++++++++++
[[0;32m  OK  [0m] Started ACPI Events Check.
[   17.184297] cloud-init[950]: ci-info: +--------+-------+----------------------------+---------------+--------+-------------------+
[[0;32m  OK  [0m] Reached target Paths.
         Starting Socket activation for snappy daemon.
[[0;32m  OK  [0m[   17.244447] cloud-init[950]: ci-info: | Device |   Up  |          Address           |      Mask     | Scope  |     Hw-Address    |] Started Daily Cleanup of Temporary Directories.
[[0;32m  OK  [0m] Listening on D-Bus System Message Bus Socket.
[[0;32m  OK  [0m] Started Daily apt download activities.
[[0;32m  OK  [0m] Started Daily apt upgrade and clean activities.
[[0;32m  OK  [0m] Reached target Timers.
[[0;32m  OK  [0m] Listening on ACPID Listen Socket.

[   17.272072] cloud-init[950]: ci-info: +--------+-------+----------------------------+---------------+--------+-------------------+
         Starting LXD - unix socket.
[   17.284209] cloud-init[950]: ci-info: | enp0s3 |  True |         10.0.2.15          | 255.255.255.0 | global | 02:30:52:25:60:69 |[[0;32m  OK  [0m] Listening on Socket activation for snappy daemon.
[[0;32m  OK  [0m] Listening on LXD - unix socket.
[   17.304755] cloud-init[950]: ci-info: | enp0s3 |  True | fe80::30:52ff:fe25:6069/64 |       .       |  link  | 02:30:52:25:60:69 |
[   17.308028] 
cloud-init[950]: ci-info: | enp0s8 | False |             .              |       .       |   .    | 08:00:27:4a:bb:ac |
[   17.369190] cloud-init[950]: ci-info: |   lo   |  True |         127.0.0.1          |   255.0.0.0   |  host  |         .         |
[[0;32m  OK  [0m[   17.436434] cloud-init[950]: ci-info: |   lo   |  True |          ::1/128           |       .       |  host  |         .         |
[   17.436485] cloud-init[950]: ci-info: +--------+-------+----------------------------+---------------+--------+-------------------+
[   17.436518] cloud-init[950]: ci-info: +++++++++++++++++++++++++++Route IPv4 info++++++++++++++++++++++++++++
[   17.436551] cloud-init[950]: ci-info: +-------+-------------+----------+---------------+-----------+-------+
[   17.436582] cloud-init[950]: ci-info: | Route | Destination | Gateway  |    Genmask    | Interface | Flags |
[   17.436613] cloud-init[950]: ci-info: +-------+-------------+----------+---------------+-----------+-------+
[   17.436645] cloud-init[950]: ci-info: |   0   |   0.0.0.0   | 10.0.2.2 |    0.0.0.0    |   enp0s3  |   UG  |
[   17.436678] cloud-init[950]: ci-info: |   1   |   10.0.2.0  | 0.0.0.0  | 255.255.255.0 |   enp0s3  |   U   |
[   17.436708] cloud-init[950]: ci-info: +-------+-------------+----------+---------------+-----------+-------+
[   17.436739] cloud-init[950]: ci-info: +++++++++++++++++++Route IPv6 info+++++++++++++++++++
[   17.436769] cloud-init[950]: ci-info: +-------+-------------+---------+-----------+-------+
[   17.436799] cloud-init[950]: ci-info: | Route | Destination | Gateway | Interface | Flags |
[   17.436833] cloud-init[950]: ci-info: +-------+-------------+---------+-----------+-------+
[   17.436864] cloud-init[950]: ci-info: |   0   |  fe80::/64  |    ::   |   enp0s3  |   U   |
[   17.437154] cloud-init[950]: ci-info: |   3   |   ff00::/8  |    ::   |   enp0s3  |   U   |
[   17.437190] cloud-init[950]: ci-info: +-------+-------------+---------+-----------+-------+
[   17.437219] cloud-init[950]: Generating public/private rsa key pair.
[   17.437250] cloud-init[950]: Your identification has been saved in /etc/ssh/ssh_host_rsa_key.
[   17.437280] cloud-init[950]: Your public key has been saved in /etc/ssh/ssh_host_rsa_key.pub.
[   17.437309] cloud-init[950]: The key fingerprint is:
[   17.437340] cloud-init[950]: SHA256:BrJVvwW4BcsmlKpmo1WVwIxdRm6V0OlVsj0YbtRj/io root@ubuntu-xenial
[   17.437370] cloud-init[950]: The key's randomart image is:
[   17.437399] cloud-init[950]: +---[RSA 2048]----+
[   17.437430] cloud-init[950]: |   =.+*=+==o.    |
[   17.437460] cloud-init[950]: |  . ++++==oB+    |
[   17.437490] cloud-init[950]: |    .o*.++*o+.   |
[   17.437519] cloud-init[950]: |    o= +o. o..   |
[   17.437549] cloud-init[950]: |   o.   S .  .   |
[   17.437579] cloud-init[950]: |  *    .      .  |
[   17.437610] cloud-init[950]: | = .         .   |
[   17.437640] cloud-init[950]: |.         E .    |
[   17.437669] cloud-init[950]: |           .     |
[   17.437698] cloud-init[950]: +----[SHA256]-----+
[   17.437728] cloud-init[950]: Generating public/private dsa key pair.
[   17.437757] cloud-init[950]: Your identification has been saved in /etc/ssh/ssh_host_dsa_key.
[   17.437787] cloud-init[950]: Your public key has been saved in /etc/ssh/ssh_host_dsa_key.pub.
[   17.437816] cloud-init[950]: The key fingerprint is:
[   17.437848] cloud-init[950]: SHA256:+IwrhIBECEOxM1b4srQPQYoDA3LpBXVnGwUoGdH8ph8 root@ubuntu-xenial
[   17.437878] cloud-init[950]: The key's randomart image is:
[   17.437907] cloud-init[950]: +---[DSA 1024]----+
[   17.437936] cloud-init[950]: |@+==+*..=o.      |
[   17.437966] cloud-init[950]: |=*+ +.+o o       |
[   17.437995] cloud-init[950]: |BB.. . ..        |
[   17.438025] cloud-init[950]: |B++.   .o        |
[   17.438054] cloud-init[950]: |.o=.  .oS        |
[   17.438084] cloud-init[950]: | +. . .+E        |
[   17.438114] cloud-init[950]: |  o.  ..o.       |
[   17.438143] cloud-init[950]: |   ..  ..        |
[   17.438173] cloud-init[950]: |     ..          |
[   17.438204] cloud-init[950]: +----[SHA256]-----+
[   17.438233] cloud-init[950]: Generating public/private ecdsa key pair.
[   17.438264] cloud-init[950]: Your identification has been saved in /etc/ssh/ssh_host_ecdsa_key.
[   17.438293] cloud-init[950]: Your public key has been saved in /etc/ssh/ssh_host_ecdsa_key.pub.] Started iSCSI initiator daemon (iscsid).
         Starting Login to default iSCSI targets...
[[0;32m  OK  [0m] Reached target Sockets.
[[0;32m  OK  [0m] Reached target Basic System.
         Starting LSB: Record successful boot for GRUB...
         Starting Virtualbox guest utils...
         Starting Login Service...

[   18.568459] cloud-init[950]: The key fingerprint is:
[   18.569259] cloud-init[950]: SHA256:fRHPVRtm3qdBkUvFV0bQsZbOGjH7kYmmIL3rGYT8+SM root@ubuntu-xenial
[   18.569302] cloud-init[950]: The key's randomart image is:
[   18.569341] cloud-init[950]: +---[ECDSA 256]---+
[   18.569375] cloud-init[950]: |            . +&@|
[   18.569408] cloud-init[950]: |             =*oX|
[   18.569441] cloud-init[950]: |            .++B+|
[   18.569484] cloud-init[950]: |      . o.   .Xo+|
[   18.569518] cloud-init[950]: |       +S+. .=.* |
[   18.569551] cloud-init[950]: |        + +.o + .|
[   18.569585] cloud-init[950]: |         = . . . |
[   18.569618] cloud-init[950]: |         E=.     |
[   18.569651] cloud-init[950]: |        .+...    |
[   18.569684] cloud-init[950]: +----[SHA256]-----+
[   18.569717] cloud-init[950]: Generating public/private ed25519 key pair.
[   18.569751] cloud-init[950]: Your identification has been saved in /etc/ssh/ssh_host_ed25519_key.
[   18.569784] cloud-init[950]: Your public key has been saved in /etc/ssh/ssh_host_ed25519_key.pub.
[   18.569817] cloud-init[950]: The key fingerprint is:
[   18.569850] cloud-init[950]: SHA256:KNBVQJ9nuvYS67VEXEjyMlWzNq3hur6+jfhypb+YgF4 root@ubuntu-xenial
[   18.569887] cloud-init[950]: The key's randomart image is:
[   18.569920] cloud-init[950]: +--[ED25519 256]--+
[   18.569954] cloud-init[950]: |     .+oo o.o    |
[   18.569988] cloud-init[950]: |   . . . * . +   |
[   18.570380] cloud-init[950]: |  . .   = = * .  |
[   18.570424] cloud-init[950]: |   .   . B + +   |
[   18.570459] cloud-init[950]: |    . . S o o    |
[   18.570493] cloud-init[950]: |     . ..o ..    |
[   18.570528] cloud-init[950]: |      . Eo+o     |
[   18.570561] cloud-init[950]: |     . o+*oB     |
[   18.570595] cloud-init[950]: |      ..oB&++.   |
[   18.570629] cloud-init[950]: +----[SHA256]-----+
[[0;32m  OK  [0m] Started ACPI event daemon.
[[0;32m  OK  [0m] Started D-Bus System Message Bus.
[[0;32m  OK  [0m] Started Regular background program processing daemon.
[[0;32m  OK  [0m] Started Unattended Upgrades Shutdown.
         Starting LSB: MD monitoring daemon...
         Starting Snappy daemon...
         Starting System Logging Service...
         Starting /etc/rc.local Compatibility...
         Starting Accounts Service...
[[0;32m  OK  [0m] Started Deferred execution scheduler.
[[0;32m  OK  [0m] Started FUSE filesystem for LXC.
         Starting Pollinate to seed the pseudo random number generator...
         Starting LXD - container startup/shutdown...
[[0;32m  OK  [0m] Started System Logging Service.
[[0;32m  OK  [0m] Started /etc/rc.local Compatibility.
[[0;32m  OK  [0m] Started LSB: Record successful boot for GRUB.
[[0;32m  OK  [0m] Started Login to default iSCSI targets.
[[0;32m  OK  [0m] Started LSB: MD monitoring daemon.
[[0;32m  OK  [0m] Started LXD - container startup/shutdown.
[[0;32m  OK  [0m] Started Virtualbox guest utils.
[[0;32m  OK  [0m] Started Snappy daemon.
[[0;32m  OK  [0m] Started Login Service.
         Starting Authenticate and Authorize Users to Run Privileged Tasks...
         Starting Wait until snapd is fully seeded...
[[0;32m  OK  [0m] Reached target Remote File Systems (Pre).
[[0;32m  OK  [0m] Reached target Remote File Systems.
         Starting LSB: automatic crash report generation...
         Starting Permit User Sessions...
         Starting LSB: Set the CPU Frequency Scaling governor to "ondemand"...
         Starting LSB: daemon to balance interrupts for SMP systems...
[[0;32m  OK  [0m] Started Permit User Sessions.
[[0;32m  OK  [0m] Started Authenticate and Authorize Users to Run Privileged Tasks.
[[0;32m  OK  [0m] Started Accounts Service.
[[0;32m  OK  [0m] Started LSB: automatic crash report generation.
[[0;32m  OK  [0m] Started LSB: Set the CPU Frequency Scaling governor to "ondemand".
         Starting Hold until boot process finishes up...
         Starting Terminate Plymouth Boot Screen...
[[0;32m  OK  [0m] Started LSB: daemon to balance interrupts for SMP systems.
[[0;32m  OK  [0m] Started Hold until boot process finishes up.
[[0;32m  OK  [0m] Started Terminate Plymouth Boot Screen.
         Starting Set console scheme...
[[0;32m  OK  [0m] Started Getty on tty1.
[[0;32m  OK  [0m] Started Serial Getty on ttyS0.
[[0;32m  OK  [0m] Reached target Login Prompts.
[[0;32m  OK  [0m] Started Set console scheme.
[[0;32m  OK  [0m] Started Pollinate to seed the pseudo random number generator.
         Starting OpenBSD Secure Shell server...
[[0;32m  OK  [0m] Started OpenBSD Secure Shell server.
[[0;32m  OK  [0m] Created slice User Slice of vagrant.
         Starting User Manager for UID 1000...
[[0;32m  OK  [0m] Started User Manager for UID 1000.
[[0;32m  OK  [0m] Started Session 1 of user vagrant.
         Stopping User Manager for UID 1000...
[[0;32m  OK  [0m] Stopped User Manager for UID 1000.
[[0;32m  OK  [0m] Removed slice User Slice of vagrant.
[[0;32m  OK  [0m] Created slice User Slice of vagrant.
         Starting User Manager for UID 1000...
[[0;32m  OK  [0m] Started User Manager for UID 1000.
[[0;32m  OK  [0m] Started Session 2 of user vagrant.
         Starting Hostname Service...
[[0;32m  OK  [0m] Started Hostname Service.
[[0;32m  OK  [0m] Stopped ifup for enp0s3.
[[0;32m  OK  [0m] Started ifup for enp0s3.
[[0;32m  OK  [0m] Stopped ifup for enp0s8.
[[0;32m  OK  [0m] Started ifup for enp0s8.

Ubuntu 16.04.6 LTS k8s-node-2 ttyS0

k8s-node-2 login: [   26.563667] cloud-init[1957]: Generating locales (this might take a while)...
[   27.506020] cloud-init[1957]:   en_US.UTF-8... done
[   27.507743] cloud-init[1957]: Generation complete.
[   27.778753] cloud-init[1957]: Cloud-init v. 18.5-45-g3554ffe8-0ubuntu1~16.04.1 running 'modules:config' at Mon, 15 Apr 2019 14:32:50 +0000. Up 26.41 seconds.
ci-info: no authorized ssh keys fingerprints found for user ubuntu.
<14>Apr 15 14:32:52 ec2: 
<14>Apr 15 14:32:52 ec2: #############################################################
<14>Apr 15 14:32:52 ec2: -----BEGIN SSH HOST KEY FINGERPRINTS-----
<14>Apr 15 14:32:52 ec2: 1024 SHA256:+IwrhIBECEOxM1b4srQPQYoDA3LpBXVnGwUoGdH8ph8 root@ubuntu-xenial (DSA)
<14>Apr 15 14:32:52 ec2: 256 SHA256:fRHPVRtm3qdBkUvFV0bQsZbOGjH7kYmmIL3rGYT8+SM root@ubuntu-xenial (ECDSA)
<14>Apr 15 14:32:52 ec2: 256 SHA256:KNBVQJ9nuvYS67VEXEjyMlWzNq3hur6+jfhypb+YgF4 root@ubuntu-xenial (ED25519)
<14>Apr 15 14:32:52 ec2: 2048 SHA256:BrJVvwW4BcsmlKpmo1WVwIxdRm6V0OlVsj0YbtRj/io root@ubuntu-xenial (RSA)
<14>Apr 15 14:32:52 ec2: -----END SSH HOST KEY FINGERPRINTS-----
<14>Apr 15 14:32:52 ec2: #############################################################
-----BEGIN SSH HOST KEY KEYS-----
ecdsa-sha2-nistp256 AAAAE2VjZHNhLXNoYTItbmlzdHAyNTYAAAAIbmlzdHAyNTYAAABBBFyxVI2kNzslv/9/4NdjyNd52E14BpEKW+Dwe6+AcMfJRGox63tux2f1wKUHXUAQaNZlLvd9t+F9tf5Z78E+jkM= root@ubuntu-xenial
ssh-ed25519 AAAAC3NzaC1lZDI1NTE5AAAAIAAndfnM/F5POl2OCoe0nMvVx91ETOGRupj66ein2mMI root@ubuntu-xenial
ssh-rsa AAAAB3NzaC1yc2EAAAADAQABAAABAQDnwYNluxnXQaKVg8uLal/MYA6iZZmBq9J0rFUr61jP0U+NFZZucSaGlGWxflf9o0zpcR/0hWbBNYMEHtwa+bsz2IQVLnMaTAnoP0k3uusbLxm2Z9H40W27YCfbf8m9e3sDHxmCSH6eww1CNJ+P/oX9mP/aWrOq1JozUl/ceZYMNi8kQIljCxIrZWm2OQLTO41DZE6Tt7JTTSkQKGeRE8sbX6X+xkMr3EHSrcQt2jJFCfY2z/kDd4kF64xvMvs9sHgKgxLrkCL5Xr9rYRjS/KxSbyM+suFYRQhb0TDDy14RXie2ftkbipfMcUMAWO3IiKq8cpEG8q0xl3tlcKxXpSDp root@ubuntu-xenial
-----END SSH HOST KEY KEYS-----
[   28.181469] cloud-init[2086]: Cloud-init v. 18.5-45-g3554ffe8-0ubuntu1~16.04.1 running 'modules:final' at Mon, 15 Apr 2019 14:32:52 +0000. Up 28.08 seconds.
[   28.181617] cloud-init[2086]: ci-info: no authorized ssh keys fingerprints found for user ubuntu.
[   28.181751] cloud-init[2086]: Cloud-init v. 18.5-45-g3554ffe8-0ubuntu1~16.04.1 finished at Mon, 15 Apr 2019 14:32:52 +0000. Datasource DataSourceNoCloud [seed=/dev/sdb][dsmode=net].  Up 28.17 seconds
